02:42:56 **** Incremental Build of configuration Debug for project mlp ****
make all 
make --no-print-directory pre-build
a9-linaro-pre-build-step
' '
make --no-print-directory main-build
'Building file: ../src/main.c'
'Invoking: ARM v7 gcc compiler'
arm-none-eabi-gcc -Wall -O0 -g3 -c -fmessage-length=0 -MT"src/main.o" -mcpu=cortex-a9 -mfpu=vfpv3 -mfloat-abi=hard -ID:/Lab/MLP/vitis_workspace/zynq_design_wrapper/export/zynq_design_wrapper/sw/zynq_design_wrapper/standalone_ps7_cortexa9_0/bspinclude/include -MMD -MP -MF"src/main.d" -MT"src/main.o" -o "src/main.o" "../src/main.c"
'Finished building: ../src/main.c'
' '
'Building target: mlp.elf'
'Invoking: ARM v7 gcc linker'
arm-none-eabi-gcc -mcpu=cortex-a9 -mfpu=vfpv3 -mfloat-abi=hard -Wl,-build-id=none -specs=Xilinx.spec -Wl,-T -Wl,../src/lscript.ld -LD:/Lab/MLP/vitis_workspace/zynq_design_wrapper/export/zynq_design_wrapper/sw/zynq_design_wrapper/standalone_ps7_cortexa9_0/bsplib/lib -o "mlp.elf"  ./src/main.o ./src/platform.o   -Wl,--start-group,-lxil,-lgcc,-lc,--end-group
'Finished building target: mlp.elf'
' '
'Invoking: ARM v7 Print Size'
arm-none-eabi-size mlp.elf  |tee "mlp.elf.size"
   text	   data	    bss	    dec	    hex	filename
  58548	   3404	  23168	  85120	  14c80	mlp.elf
'Finished building: mlp.elf.size'
' '

02:42:57 Build Finished (took 837ms)

